// Jest Snapshot v1, https://goo.gl/fbAQLP

exports[`<ReactFilestack /> should not allow wrong option properties 1`] = `ShallowWrapper {}`;

exports[`<ReactFilestack /> should render ReactFilestack component 1`] = `
<button
  className=""
  name="filestack"
  onClick={[Function]}
>
  Pick file
</button>
`;

exports[`<ReactFilestack /> should render the component 1`] = `
<test
  onPick={[Function]}
/>
`;

exports[`<ReactFilestack /> should run metadata and mock handle 1`] = `ShallowWrapper {}`;

exports[`<ReactFilestack /> should run pick as default 1`] = `ShallowWrapper {}`;

exports[`<ReactFilestack /> should run remove width mock handle and security 1`] = `ShallowWrapper {}`;

exports[`<ReactFilestack /> should run retrieve with mock handle 1`] = `ShallowWrapper {}`;

exports[`<ReactFilestack /> should run storeUrl with mock url 1`] = `ShallowWrapper {}`;

exports[`<ReactFilestack /> should run transform with mock url 1`] = `ShallowWrapper {}`;

exports[`<ReactFilestack /> should run upload with mock data 1`] = `ShallowWrapper {}`;

exports[`<ReactFilestack /> should throw an exception with transform and wrong options properties 1`] = `ShallowWrapper {}`;
